{"level":"info","message":{"duration":4,"method":"GET","status":401,"url":"/"},"timestamp":"2025-05-02T11:27:50.207Z"}
{"level":"info","message":{"duration":1,"method":"GET","status":401,"url":"/favicon.ico"},"timestamp":"2025-05-02T11:27:50.585Z"}
{"level":"info","message":{"duration":1,"method":"GET","status":401,"url":"/"},"timestamp":"2025-05-02T11:27:55.881Z"}
{"level":"info","message":{"duration":1,"method":"GET","status":401,"url":"/favicon.ico"},"timestamp":"2025-05-02T11:27:56.280Z"}
{"level":"info","message":{"duration":1,"method":"GET","status":401,"url":"/"},"timestamp":"2025-05-02T11:27:57.481Z"}
{"level":"info","message":{"duration":1,"method":"GET","status":401,"url":"/favicon.ico"},"timestamp":"2025-05-02T11:27:57.955Z"}
{"level":"info","message":{"duration":1,"method":"GET","status":401,"url":"/"},"timestamp":"2025-05-02T11:27:59.176Z"}
{"level":"info","message":{"duration":1,"method":"GET","status":401,"url":"/favicon.ico"},"timestamp":"2025-05-02T11:27:59.565Z"}
{"level":"info","message":{"duration":1,"method":"GET","status":401,"url":"/api/v1/abcd/"},"timestamp":"2025-05-02T11:28:22.873Z"}
{"level":"info","message":{"duration":1,"method":"GET","status":401,"url":"/favicon.ico"},"timestamp":"2025-05-02T11:28:23.189Z"}
{"level":"info","message":{"duration":1,"method":"GET","status":401,"url":"/health"},"timestamp":"2025-05-02T11:28:34.974Z"}
{"level":"info","message":{"duration":0,"method":"GET","status":401,"url":"/favicon.ico"},"timestamp":"2025-05-02T11:28:35.145Z"}
{"level":"info","message":{"duration":8,"method":"GET","status":500,"url":"/health"},"timestamp":"2025-05-02T11:29:32.239Z"}
{"level":"info","message":{"duration":2,"method":"GET","status":500,"url":"/favicon.ico"},"timestamp":"2025-05-02T11:29:32.412Z"}
{"level":"info","message":{"duration":1,"method":"GET","status":200,"url":"/health"},"timestamp":"2025-05-02T11:29:33.738Z"}
{"level":"info","message":{"duration":1,"method":"GET","status":304,"url":"/health"},"timestamp":"2025-05-02T11:29:34.018Z"}
{"level":"info","message":{"duration":1,"method":"GET","status":304,"url":"/health"},"timestamp":"2025-05-02T11:29:34.172Z"}
{"level":"info","message":{"duration":1,"method":"GET","status":304,"url":"/health"},"timestamp":"2025-05-02T11:29:34.399Z"}
{"level":"info","message":{"duration":1,"method":"GET","status":200,"url":"/favicon.ico"},"timestamp":"2025-05-02T11:29:34.571Z"}
{"level":"info","message":{"duration":2,"method":"GET","status":500,"url":"/service1"},"timestamp":"2025-05-02T11:29:58.650Z"}
{"level":"info","message":{"duration":2,"method":"GET","status":304,"url":"/favicon.ico"},"timestamp":"2025-05-02T11:29:58.817Z"}
{"level":"info","message":{"duration":2,"method":"GET","status":200,"url":"/service1"},"timestamp":"2025-05-02T11:30:00.133Z"}
{"level":"info","message":{"duration":1,"method":"GET","status":200,"url":"/favicon.ico"},"timestamp":"2025-05-02T11:30:00.441Z"}
{"level":"info","message":{"duration":1,"method":"GET","status":200,"url":"/service1"},"timestamp":"2025-05-02T11:30:00.813Z"}
{"level":"info","message":{"duration":1,"method":"GET","status":200,"url":"/favicon.ico"},"timestamp":"2025-05-02T11:30:00.971Z"}
